2026-07-10 14:10:03,626 - DATA QUALITY AUDITOR -INFO - DATA QUALITY AUDITOR STARTED.
2026-07-10 14:10:03,626 - DATA QUALITY AUDITOR -INFO - Starting to load employee_data.csv
2026-07-10 14:10:03,626 - DATA QUALITY AUDITOR -INFO - CSV loaded successfully | total records: 50
2026-07-10 14:10:03,626 - DATA QUALITY AUDITOR -INFO - Checking missing values in column: first_name
2026-07-10 14:10:03,626 - DATA QUALITY AUDITOR -WARNING - Missing values in first_name : 7 
2026-07-10 14:10:03,626 - DATA QUALITY AUDITOR -INFO - Checking missing values in column: last_name
2026-07-10 14:10:03,626 - DATA QUALITY AUDITOR -WARNING - Missing values in last_name : 1 
2026-07-10 14:10:03,626 - DATA QUALITY AUDITOR -INFO - Checking missing values in column: email
2026-07-10 14:10:03,626 - DATA QUALITY AUDITOR -WARNING - Missing values in email : 4 
2026-07-10 14:10:03,626 - DATA QUALITY AUDITOR -INFO - Checking missing values in column: gender
2026-07-10 14:10:03,626 - DATA QUALITY AUDITOR -WARNING - Missing values in gender : 4 
2026-07-10 14:10:03,626 - DATA QUALITY AUDITOR -INFO - Checking missing values in column: joining_date
2026-07-10 14:10:03,626 - DATA QUALITY AUDITOR -WARNING - Missing values in joining_date : 2 
2026-07-10 14:10:03,626 - DATA QUALITY AUDITOR -INFO - Checking missing values in column: department
2026-07-10 14:10:03,626 - DATA QUALITY AUDITOR -WARNING - Missing values in department : 8 
2026-07-10 14:10:03,641 - DATA QUALITY AUDITOR -INFO - Checking Duplicate values in column: first_name
2026-07-10 14:10:03,642 - DATA QUALITY AUDITOR -WARNING - Found 4  values duplicate in column  first_name 
2026-07-10 14:10:03,642 - DATA QUALITY AUDITOR -INFO - Checking Duplicate values in column: last_name
2026-07-10 14:10:03,644 - DATA QUALITY AUDITOR -WARNING - Found 5  values duplicate in column  last_name 
2026-07-10 14:10:03,644 - DATA QUALITY AUDITOR -INFO - Checking Duplicate values in column: email
2026-07-10 14:10:03,645 - DATA QUALITY AUDITOR -WARNING - Found 4  values duplicate in column  email 
2026-07-10 14:10:03,645 - DATA QUALITY AUDITOR -INFO - Checking Duplicate values in column: joining_date
2026-07-10 14:10:03,646 - DATA QUALITY AUDITOR -WARNING - Found 5  values duplicate in column  joining_date 
2026-07-10 14:10:03,647 - DATA QUALITY AUDITOR -INFO - Checking Duplicate values in column: department
2026-07-10 14:10:03,648 - DATA QUALITY AUDITOR -WARNING - Found 13  values duplicate in column  department 
2026-07-10 14:10:03,650 - DATA QUALITY AUDITOR -INFO - Data Quality Auditor completed successfully.
2026-07-10 14:12:07,283 - DATA QUALITY AUDITOR -INFO - DATA QUALITY AUDITOR STARTED.
2026-07-10 14:12:07,283 - DATA QUALITY AUDITOR -INFO - Starting to load employee_data.csv
2026-07-10 14:12:07,284 - DATA QUALITY AUDITOR -INFO - CSV loaded successfully | total records: 50
2026-07-10 14:12:07,292 - DATA QUALITY AUDITOR -INFO - Checking missing values in column: first_name
2026-07-10 14:12:07,292 - DATA QUALITY AUDITOR -WARNING - Missing values in first_name : 7 
2026-07-10 14:12:07,292 - DATA QUALITY AUDITOR -INFO - Checking missing values in column: last_name
2026-07-10 14:12:07,293 - DATA QUALITY AUDITOR -WARNING - Missing values in last_name : 1 
2026-07-10 14:12:07,293 - DATA QUALITY AUDITOR -INFO - Checking missing values in column: email
2026-07-10 14:12:07,293 - DATA QUALITY AUDITOR -WARNING - Missing values in email : 4 
2026-07-10 14:12:07,293 - DATA QUALITY AUDITOR -INFO - Checking missing values in column: gender
2026-07-10 14:12:07,293 - DATA QUALITY AUDITOR -WARNING - Missing values in gender : 4 
2026-07-10 14:12:07,293 - DATA QUALITY AUDITOR -INFO - Checking missing values in column: joining_date
2026-07-10 14:12:07,293 - DATA QUALITY AUDITOR -WARNING - Missing values in joining_date : 2 
2026-07-10 14:12:07,294 - DATA QUALITY AUDITOR -INFO - Checking missing values in column: department
2026-07-10 14:12:07,294 - DATA QUALITY AUDITOR -WARNING - Missing values in department : 8 
2026-07-10 14:12:07,294 - DATA QUALITY AUDITOR -INFO - Checking Duplicate values in column: first_name
2026-07-10 14:12:07,294 - DATA QUALITY AUDITOR -WARNING - Found 4   duplicate value(s) in column  first_name 
2026-07-10 14:12:07,294 - DATA QUALITY AUDITOR -INFO - Checking Duplicate values in column: last_name
2026-07-10 14:12:07,294 - DATA QUALITY AUDITOR -WARNING - Found 5   duplicate value(s) in column  last_name 
2026-07-10 14:12:07,294 - DATA QUALITY AUDITOR -INFO - Checking Duplicate values in column: email
2026-07-10 14:12:07,294 - DATA QUALITY AUDITOR -WARNING - Found 4   duplicate value(s) in column  email 
2026-07-10 14:12:07,298 - DATA QUALITY AUDITOR -INFO - Checking Duplicate values in column: joining_date
2026-07-10 14:12:07,298 - DATA QUALITY AUDITOR -WARNING - Found 5   duplicate value(s) in column  joining_date 
2026-07-10 14:12:07,298 - DATA QUALITY AUDITOR -INFO - Checking Duplicate values in column: department
2026-07-10 14:12:07,300 - DATA QUALITY AUDITOR -WARNING - Found 13   duplicate value(s) in column  department 
2026-07-10 14:12:07,301 - DATA QUALITY AUDITOR -INFO - Data Quality Auditor completed successfully.
2026-07-10 14:22:08,537 - DATA QUALITY AUDITOR -INFO - DATA QUALITY AUDITOR STARTED.
2026-07-10 14:22:08,538 - DATA QUALITY AUDITOR -INFO - Starting to load employee_data.csv
2026-07-10 14:22:08,538 - DATA QUALITY AUDITOR -INFO - CSV loaded successfully | total records: 50
2026-07-10 14:22:08,539 - DATA QUALITY AUDITOR -INFO - Checking Email Validation
2026-07-10 14:22:08,539 - DATA QUALITY AUDITOR -WARNING - Found 3 Invalid EMAIL(S)
2026-07-10 14:22:08,548 - DATA QUALITY AUDITOR -INFO - Checking missing values in column: first_name
2026-07-10 14:22:08,548 - DATA QUALITY AUDITOR -WARNING - Missing values in first_name : 7 
2026-07-10 14:22:08,548 - DATA QUALITY AUDITOR -INFO - Checking missing values in column: last_name
2026-07-10 14:22:08,549 - DATA QUALITY AUDITOR -WARNING - Missing values in last_name : 1 
2026-07-10 14:22:08,549 - DATA QUALITY AUDITOR -INFO - Checking missing values in column: email
2026-07-10 14:22:08,549 - DATA QUALITY AUDITOR -WARNING - Missing values in email : 4 
2026-07-10 14:22:08,549 - DATA QUALITY AUDITOR -INFO - Checking missing values in column: gender
2026-07-10 14:22:08,549 - DATA QUALITY AUDITOR -WARNING - Missing values in gender : 4 
2026-07-10 14:22:08,549 - DATA QUALITY AUDITOR -INFO - Checking missing values in column: joining_date
2026-07-10 14:22:08,549 - DATA QUALITY AUDITOR -WARNING - Missing values in joining_date : 2 
2026-07-10 14:22:08,550 - DATA QUALITY AUDITOR -INFO - Checking missing values in column: department
2026-07-10 14:22:08,550 - DATA QUALITY AUDITOR -WARNING - Missing values in department : 8 
2026-07-10 14:22:08,550 - DATA QUALITY AUDITOR -INFO - Checking Duplicate values in column: first_name
2026-07-10 14:22:08,551 - DATA QUALITY AUDITOR -WARNING - Found 4   duplicate value(s) in column  first_name 
2026-07-10 14:22:08,551 - DATA QUALITY AUDITOR -INFO - Checking Duplicate values in column: last_name
2026-07-10 14:22:08,552 - DATA QUALITY AUDITOR -WARNING - Found 5   duplicate value(s) in column  last_name 
2026-07-10 14:22:08,552 - DATA QUALITY AUDITOR -INFO - Checking Duplicate values in column: email
2026-07-10 14:22:08,553 - DATA QUALITY AUDITOR -WARNING - Found 4   duplicate value(s) in column  email 
2026-07-10 14:22:08,553 - DATA QUALITY AUDITOR -INFO - Checking Duplicate values in column: joining_date
2026-07-10 14:22:08,554 - DATA QUALITY AUDITOR -WARNING - Found 5   duplicate value(s) in column  joining_date 
2026-07-10 14:22:08,554 - DATA QUALITY AUDITOR -INFO - Checking Duplicate values in column: department
2026-07-10 14:22:08,555 - DATA QUALITY AUDITOR -WARNING - Found 13   duplicate value(s) in column  department 
2026-07-10 14:22:08,556 - DATA QUALITY AUDITOR -INFO - Data Quality Auditor completed successfully.
2026-07-10 14:25:58,187 - DATA QUALITY AUDITOR -INFO - DATA QUALITY AUDITOR STARTED.
2026-07-10 14:25:58,187 - DATA QUALITY AUDITOR -INFO - Starting to load employee_data.csv
2026-07-10 14:25:58,189 - DATA QUALITY AUDITOR -INFO - CSV loaded successfully | total records: 50
2026-07-10 14:25:58,189 - DATA QUALITY AUDITOR -INFO - Checking Email Validation
2026-07-10 14:25:58,189 - DATA QUALITY AUDITOR -WARNING - Found 3 Invalid EMAIL(S)
2026-07-10 14:25:58,189 - DATA QUALITY AUDITOR -INFO - Checking AGE Validation
2026-07-10 14:25:58,190 - DATA QUALITY AUDITOR -WARNING - Found 1 Invalid AGE(S)
2026-07-10 14:25:58,190 - DATA QUALITY AUDITOR -INFO - Checking SALARY Validation
2026-07-10 14:25:58,190 - DATA QUALITY AUDITOR -WARNING - Found 1 Invalid SALARY(S)
2026-07-10 14:25:58,190 - DATA QUALITY AUDITOR -INFO - Checking SALARY Validation
2026-07-10 14:25:58,201 - DATA QUALITY AUDITOR -WARNING - Found 1 Invalid DATE(S)
2026-07-10 14:25:58,202 - DATA QUALITY AUDITOR -INFO - Checking missing values in column: first_name
2026-07-10 14:25:58,202 - DATA QUALITY AUDITOR -WARNING - Missing values in first_name : 7 
2026-07-10 14:25:58,202 - DATA QUALITY AUDITOR -INFO - Checking missing values in column: last_name
2026-07-10 14:25:58,202 - DATA QUALITY AUDITOR -WARNING - Missing values in last_name : 1 
2026-07-10 14:25:58,202 - DATA QUALITY AUDITOR -INFO - Checking missing values in column: email
2026-07-10 14:25:58,203 - DATA QUALITY AUDITOR -WARNING - Missing values in email : 4 
2026-07-10 14:25:58,203 - DATA QUALITY AUDITOR -INFO - Checking missing values in column: gender
2026-07-10 14:25:58,203 - DATA QUALITY AUDITOR -WARNING - Missing values in gender : 4 
2026-07-10 14:25:58,203 - DATA QUALITY AUDITOR -INFO - Checking missing values in column: joining_date
2026-07-10 14:25:58,203 - DATA QUALITY AUDITOR -WARNING - Missing values in joining_date : 2 
2026-07-10 14:25:58,203 - DATA QUALITY AUDITOR -INFO - Checking missing values in column: department
2026-07-10 14:25:58,203 - DATA QUALITY AUDITOR -WARNING - Missing values in department : 8 
2026-07-10 14:25:58,204 - DATA QUALITY AUDITOR -INFO - Checking Duplicate values in column: first_name
2026-07-10 14:25:58,204 - DATA QUALITY AUDITOR -WARNING - Found 4   duplicate value(s) in column  first_name 
2026-07-10 14:25:58,205 - DATA QUALITY AUDITOR -INFO - Checking Duplicate values in column: last_name
2026-07-10 14:25:58,205 - DATA QUALITY AUDITOR -WARNING - Found 5   duplicate value(s) in column  last_name 
2026-07-10 14:25:58,206 - DATA QUALITY AUDITOR -INFO - Checking Duplicate values in column: email
2026-07-10 14:25:58,207 - DATA QUALITY AUDITOR -WARNING - Found 4   duplicate value(s) in column  email 
2026-07-10 14:25:58,207 - DATA QUALITY AUDITOR -INFO - Checking Duplicate values in column: joining_date
2026-07-10 14:25:58,208 - DATA QUALITY AUDITOR -WARNING - Found 5   duplicate value(s) in column  joining_date 
2026-07-10 14:25:58,208 - DATA QUALITY AUDITOR -INFO - Checking Duplicate values in column: department
2026-07-10 14:25:58,210 - DATA QUALITY AUDITOR -WARNING - Found 13   duplicate value(s) in column  department 
2026-07-10 14:25:58,211 - DATA QUALITY AUDITOR -INFO - Data Quality Auditor completed successfully.
2026-07-11 11:05:19,435 - DATA QUALITY AUDITOR -INFO - Data Quality Auditor started.
2026-07-11 11:05:19,435 - DATA QUALITY AUDITOR -INFO - Starting to load employee_data.csv
2026-07-11 11:05:19,457 - DATA QUALITY AUDITOR -INFO - CSV loaded successfully | total records: 50
2026-07-11 11:05:19,457 - DATA QUALITY AUDITOR -INFO - Checking Email Validation
2026-07-11 11:05:19,457 - DATA QUALITY AUDITOR -WARNING - Found 3 Invalid EMAIL(S)
2026-07-11 11:05:19,457 - DATA QUALITY AUDITOR -INFO - Checking AGE Validation
2026-07-11 11:05:19,457 - DATA QUALITY AUDITOR -WARNING - Found 1 Invalid AGE(S)
2026-07-11 11:05:19,457 - DATA QUALITY AUDITOR -INFO - Checking SALARY Validation
2026-07-11 11:05:19,457 - DATA QUALITY AUDITOR -WARNING - Found 1 Invalid SALARY(S)
2026-07-11 11:05:19,457 - DATA QUALITY AUDITOR -INFO - Checking Joining Date Validation
2026-07-11 11:05:19,457 - DATA QUALITY AUDITOR -INFO - No Invalid Joining Date Found
2026-07-11 11:05:19,457 - DATA QUALITY AUDITOR -INFO - Checking missing values in column: first_name
2026-07-11 11:05:19,457 - DATA QUALITY AUDITOR -WARNING - Missing values in first_name : 7 
2026-07-11 11:05:19,457 - DATA QUALITY AUDITOR -INFO - Checking missing values in column: last_name
2026-07-11 11:05:19,457 - DATA QUALITY AUDITOR -WARNING - Missing values in last_name : 1 
2026-07-11 11:05:19,457 - DATA QUALITY AUDITOR -INFO - Checking missing values in column: email
2026-07-11 11:05:19,457 - DATA QUALITY AUDITOR -WARNING - Missing values in email : 4 
2026-07-11 11:05:19,457 - DATA QUALITY AUDITOR -INFO - Checking missing values in column: gender
2026-07-11 11:05:19,457 - DATA QUALITY AUDITOR -WARNING - Missing values in gender : 4 
2026-07-11 11:05:19,457 - DATA QUALITY AUDITOR -INFO - Checking missing values in column: joining_date
2026-07-11 11:05:19,457 - DATA QUALITY AUDITOR -WARNING - Missing values in joining_date : 2 
2026-07-11 11:05:19,457 - DATA QUALITY AUDITOR -INFO - Checking missing values in column: department
2026-07-11 11:05:19,457 - DATA QUALITY AUDITOR -WARNING - Missing values in department : 8 
2026-07-11 11:05:19,457 - DATA QUALITY AUDITOR -INFO - Checking Duplicate values in column: first_name
2026-07-11 11:05:19,457 - DATA QUALITY AUDITOR -WARNING - Found 4   duplicate value(s) in column  first_name 
2026-07-11 11:05:19,457 - DATA QUALITY AUDITOR -INFO - Checking Duplicate values in column: last_name
2026-07-11 11:05:19,473 - DATA QUALITY AUDITOR -WARNING - Found 5   duplicate value(s) in column  last_name 
2026-07-11 11:05:19,474 - DATA QUALITY AUDITOR -INFO - Checking Duplicate values in column: email
2026-07-11 11:05:19,475 - DATA QUALITY AUDITOR -WARNING - Found 4   duplicate value(s) in column  email 
2026-07-11 11:05:19,476 - DATA QUALITY AUDITOR -INFO - Checking Duplicate values in column: joining_date
2026-07-11 11:05:19,477 - DATA QUALITY AUDITOR -WARNING - Found 5   duplicate value(s) in column  joining_date 
2026-07-11 11:05:19,477 - DATA QUALITY AUDITOR -INFO - Checking Duplicate values in column: department
2026-07-11 11:05:19,479 - DATA QUALITY AUDITOR -WARNING - Found 13   duplicate value(s) in column  department 
2026-07-11 11:05:19,480 - DATA QUALITY AUDITOR -INFO - Data Quality Auditor completed successfully.
2026-07-11 11:09:38,641 - DATA QUALITY AUDITOR -INFO - Data Quality Auditor started.
2026-07-11 11:09:38,641 - DATA QUALITY AUDITOR -INFO - Starting to load employee_data.csv
2026-07-11 11:09:38,641 - DATA QUALITY AUDITOR -INFO - CSV loaded successfully | total records: 50
2026-07-11 11:09:38,641 - DATA QUALITY AUDITOR -INFO - Checking Email Validation
2026-07-11 11:09:38,641 - DATA QUALITY AUDITOR -WARNING - Found 3 Invalid EMAIL(S)
2026-07-11 11:09:38,641 - DATA QUALITY AUDITOR -INFO - Checking AGE Validation
2026-07-11 11:09:38,641 - DATA QUALITY AUDITOR -WARNING - Found 1 Invalid AGE(S)
2026-07-11 11:09:38,641 - DATA QUALITY AUDITOR -INFO - Checking SALARY Validation
2026-07-11 11:09:38,641 - DATA QUALITY AUDITOR -WARNING - Found 1 Invalid SALARY(S)
2026-07-11 11:09:38,641 - DATA QUALITY AUDITOR -INFO - Checking Joining Date Validation
2026-07-11 11:09:38,652 - DATA QUALITY AUDITOR -INFO - No Invalid Joining Date Found
2026-07-11 11:09:38,652 - DATA QUALITY AUDITOR -INFO - Checking missing values in column: first_name
2026-07-11 11:09:38,652 - DATA QUALITY AUDITOR -WARNING - Missing values in first_name : 7 
2026-07-11 11:09:38,652 - DATA QUALITY AUDITOR -INFO - Checking missing values in column: last_name
2026-07-11 11:09:38,652 - DATA QUALITY AUDITOR -WARNING - Missing values in last_name : 1 
2026-07-11 11:09:38,652 - DATA QUALITY AUDITOR -INFO - Checking missing values in column: email
2026-07-11 11:09:38,652 - DATA QUALITY AUDITOR -WARNING - Missing values in email : 4 
2026-07-11 11:09:38,652 - DATA QUALITY AUDITOR -INFO - Checking missing values in column: gender
2026-07-11 11:09:38,652 - DATA QUALITY AUDITOR -WARNING - Missing values in gender : 4 
2026-07-11 11:09:38,652 - DATA QUALITY AUDITOR -INFO - Checking missing values in column: joining_date
2026-07-11 11:09:38,652 - DATA QUALITY AUDITOR -WARNING - Missing values in joining_date : 2 
2026-07-11 11:09:38,652 - DATA QUALITY AUDITOR -INFO - Checking missing values in column: department
2026-07-11 11:09:38,652 - DATA QUALITY AUDITOR -WARNING - Missing values in department : 8 
2026-07-11 11:09:38,652 - DATA QUALITY AUDITOR -INFO - Checking Duplicate values in column: first_name
2026-07-11 11:09:38,668 - DATA QUALITY AUDITOR -WARNING - Found 4   duplicate value(s) in column  first_name 
2026-07-11 11:09:38,668 - DATA QUALITY AUDITOR -INFO - Checking Duplicate values in column: last_name
2026-07-11 11:09:38,668 - DATA QUALITY AUDITOR -WARNING - Found 5   duplicate value(s) in column  last_name 
2026-07-11 11:09:38,668 - DATA QUALITY AUDITOR -INFO - Checking Duplicate values in column: email
2026-07-11 11:09:38,668 - DATA QUALITY AUDITOR -WARNING - Found 4   duplicate value(s) in column  email 
2026-07-11 11:09:38,681 - DATA QUALITY AUDITOR -INFO - Checking Duplicate values in column: joining_date
2026-07-11 11:09:38,684 - DATA QUALITY AUDITOR -WARNING - Found 5   duplicate value(s) in column  joining_date 
2026-07-11 11:09:38,684 - DATA QUALITY AUDITOR -INFO - Checking Duplicate values in column: department
2026-07-11 11:09:38,687 - DATA QUALITY AUDITOR -WARNING - Found 13   duplicate value(s) in column  department 
2026-07-11 11:09:38,688 - DATA QUALITY AUDITOR -INFO - Data Quality Auditor completed successfully.
2026-07-11 11:14:59,087 - DATA QUALITY AUDITOR -INFO - Data Quality Auditor started.
2026-07-11 11:14:59,087 - DATA QUALITY AUDITOR -INFO - Starting to load employee_data.csv
2026-07-11 11:14:59,088 - DATA QUALITY AUDITOR -INFO - CSV loaded successfully | total records: 50
2026-07-11 11:14:59,088 - DATA QUALITY AUDITOR -INFO - Checking Email Validation
2026-07-11 11:14:59,088 - DATA QUALITY AUDITOR -WARNING - Found 3 Invalid EMAIL(S)
2026-07-11 11:14:59,088 - DATA QUALITY AUDITOR -INFO - Checking AGE Validation
2026-07-11 11:14:59,088 - DATA QUALITY AUDITOR -WARNING - Found 1 Invalid AGE(S)
2026-07-11 11:14:59,088 - DATA QUALITY AUDITOR -INFO - Checking SALARY Validation
2026-07-11 11:14:59,088 - DATA QUALITY AUDITOR -WARNING - Found 1 Invalid SALARY(S)
2026-07-11 11:14:59,088 - DATA QUALITY AUDITOR -INFO - Checking Joining Date Validation
2026-07-11 11:14:59,094 - DATA QUALITY AUDITOR -INFO - No Invalid Joining Date Found
2026-07-11 11:14:59,094 - DATA QUALITY AUDITOR -INFO - Checking missing values in column: first_name
2026-07-11 11:14:59,094 - DATA QUALITY AUDITOR -WARNING - Missing values in first_name : 7 
2026-07-11 11:14:59,094 - DATA QUALITY AUDITOR -INFO - Checking missing values in column: last_name
2026-07-11 11:14:59,094 - DATA QUALITY AUDITOR -WARNING - Missing values in last_name : 1 
2026-07-11 11:14:59,094 - DATA QUALITY AUDITOR -INFO - Checking missing values in column: email
2026-07-11 11:14:59,094 - DATA QUALITY AUDITOR -WARNING - Missing values in email : 4 
2026-07-11 11:14:59,094 - DATA QUALITY AUDITOR -INFO - Checking missing values in column: gender
2026-07-11 11:14:59,094 - DATA QUALITY AUDITOR -WARNING - Missing values in gender : 4 
2026-07-11 11:14:59,094 - DATA QUALITY AUDITOR -INFO - Checking missing values in column: joining_date
2026-07-11 11:14:59,094 - DATA QUALITY AUDITOR -WARNING - Missing values in joining_date : 2 
2026-07-11 11:14:59,094 - DATA QUALITY AUDITOR -INFO - Checking missing values in column: department
2026-07-11 11:14:59,094 - DATA QUALITY AUDITOR -WARNING - Missing values in department : 8 
2026-07-11 11:14:59,094 - DATA QUALITY AUDITOR -INFO - Checking Duplicate values in column: first_name
2026-07-11 11:14:59,125 - DATA QUALITY AUDITOR -WARNING - Found 4   duplicate value(s) in column  first_name 
2026-07-11 11:14:59,125 - DATA QUALITY AUDITOR -INFO - Checking Duplicate values in column: last_name
2026-07-11 11:14:59,130 - DATA QUALITY AUDITOR -WARNING - Found 5   duplicate value(s) in column  last_name 
2026-07-11 11:14:59,130 - DATA QUALITY AUDITOR -INFO - Checking Duplicate values in column: email
2026-07-11 11:14:59,133 - DATA QUALITY AUDITOR -WARNING - Found 4   duplicate value(s) in column  email 
2026-07-11 11:14:59,134 - DATA QUALITY AUDITOR -INFO - Checking Duplicate values in column: joining_date
2026-07-11 11:14:59,139 - DATA QUALITY AUDITOR -WARNING - Found 5   duplicate value(s) in column  joining_date 
2026-07-11 11:14:59,139 - DATA QUALITY AUDITOR -INFO - Checking Duplicate values in column: department
2026-07-11 11:14:59,147 - DATA QUALITY AUDITOR -WARNING - Found 13   duplicate value(s) in column  department 
2026-07-11 11:14:59,147 - DATA QUALITY AUDITOR -INFO - Data Quality Auditor completed successfully.
2026-07-12 11:33:04,356 - DATA QUALITY AUDITOR -INFO - Data Quality Auditor started.
2026-07-12 11:33:04,356 - DATA QUALITY AUDITOR -INFO - Starting to load employee_data.csv
2026-07-12 11:33:04,378 - DATA QUALITY AUDITOR -INFO - CSV loaded successfully | total records: 50
2026-07-12 11:33:04,378 - DATA QUALITY AUDITOR -INFO - Checking Email Validation
2026-07-12 11:33:04,378 - DATA QUALITY AUDITOR -WARNING - Found 3 Invalid EMAIL(S)
2026-07-12 11:33:04,378 - DATA QUALITY AUDITOR -INFO - Checking AGE Validation
2026-07-12 11:33:04,378 - DATA QUALITY AUDITOR -WARNING - Found 1 Invalid AGE(S)
2026-07-12 11:33:04,378 - DATA QUALITY AUDITOR -INFO - Checking SALARY Validation
2026-07-12 11:33:04,378 - DATA QUALITY AUDITOR -WARNING - Found 1 Invalid SALARY(S)
2026-07-12 11:33:04,378 - DATA QUALITY AUDITOR -INFO - Checking Joining Date Validation
2026-07-12 11:33:04,394 - DATA QUALITY AUDITOR -INFO - No Invalid Joining Date Found
2026-07-12 11:33:04,394 - DATA QUALITY AUDITOR -INFO - Checking missing values in column: first_name
2026-07-12 11:33:04,394 - DATA QUALITY AUDITOR -WARNING - Missing values in first_name : 7 
2026-07-12 11:33:04,394 - DATA QUALITY AUDITOR -INFO - Checking missing values in column: last_name
2026-07-12 11:33:04,394 - DATA QUALITY AUDITOR -WARNING - Missing values in last_name : 1 
2026-07-12 11:33:04,394 - DATA QUALITY AUDITOR -INFO - Checking missing values in column: email
2026-07-12 11:33:04,394 - DATA QUALITY AUDITOR -WARNING - Missing values in email : 4 
2026-07-12 11:33:04,394 - DATA QUALITY AUDITOR -INFO - Checking missing values in column: gender
2026-07-12 11:33:04,394 - DATA QUALITY AUDITOR -WARNING - Missing values in gender : 4 
2026-07-12 11:33:04,394 - DATA QUALITY AUDITOR -INFO - Checking missing values in column: joining_date
2026-07-12 11:33:04,394 - DATA QUALITY AUDITOR -WARNING - Missing values in joining_date : 2 
2026-07-12 11:33:04,394 - DATA QUALITY AUDITOR -INFO - Checking missing values in column: department
2026-07-12 11:33:04,394 - DATA QUALITY AUDITOR -WARNING - Missing values in department : 8 
2026-07-12 11:33:04,394 - DATA QUALITY AUDITOR -INFO - Checking Duplicate values in column: first_name
2026-07-12 11:33:04,414 - DATA QUALITY AUDITOR -WARNING - Found 4   duplicate value(s) in column  first_name 
2026-07-12 11:33:04,414 - DATA QUALITY AUDITOR -INFO - Checking Duplicate values in column: last_name
2026-07-12 11:33:04,417 - DATA QUALITY AUDITOR -WARNING - Found 5   duplicate value(s) in column  last_name 
2026-07-12 11:33:04,417 - DATA QUALITY AUDITOR -INFO - Checking Duplicate values in column: email
2026-07-12 11:33:04,419 - DATA QUALITY AUDITOR -WARNING - Found 4   duplicate value(s) in column  email 
2026-07-12 11:33:04,420 - DATA QUALITY AUDITOR -INFO - Checking Duplicate values in column: joining_date
2026-07-12 11:33:04,422 - DATA QUALITY AUDITOR -WARNING - Found 5   duplicate value(s) in column  joining_date 
2026-07-12 11:33:04,422 - DATA QUALITY AUDITOR -INFO - Checking Duplicate values in column: department
2026-07-12 11:33:04,428 - DATA QUALITY AUDITOR -WARNING - Found 13   duplicate value(s) in column  department 
2026-07-12 11:33:04,430 - DATA QUALITY AUDITOR -INFO - Data Quality Auditor completed successfully.
2026-07-13 09:56:08,802 - DATA QUALITY AUDITOR -INFO - Data Quality Auditor started.
2026-07-13 09:56:08,802 - DATA QUALITY AUDITOR -INFO - Starting to load employee_data.csv
2026-07-13 09:56:08,817 - DATA QUALITY AUDITOR -INFO - CSV loaded successfully | total records: 50
2026-07-13 09:56:08,817 - DATA QUALITY AUDITOR -INFO - Checking Email Validation
2026-07-13 09:56:08,817 - DATA QUALITY AUDITOR -WARNING - Found 3 Invalid EMAIL(S)
2026-07-13 09:56:08,817 - DATA QUALITY AUDITOR -INFO - Checking AGE Validation
2026-07-13 09:56:08,817 - DATA QUALITY AUDITOR -WARNING - Found 1 Invalid AGE(S)
2026-07-13 09:56:08,817 - DATA QUALITY AUDITOR -INFO - Checking SALARY Validation
2026-07-13 09:56:08,817 - DATA QUALITY AUDITOR -WARNING - Found 1 Invalid SALARY(S)
2026-07-13 09:56:08,817 - DATA QUALITY AUDITOR -INFO - Checking Joining Date Validation
2026-07-13 09:56:08,817 - DATA QUALITY AUDITOR -INFO - No Invalid Joining Date Found
2026-07-13 09:56:08,817 - DATA QUALITY AUDITOR -INFO - Checking missing values in column: first_name
2026-07-13 09:56:08,817 - DATA QUALITY AUDITOR -WARNING - Missing values in first_name : 7 
2026-07-13 09:56:08,817 - DATA QUALITY AUDITOR -INFO - Checking missing values in column: last_name
2026-07-13 09:56:08,833 - DATA QUALITY AUDITOR -WARNING - Missing values in last_name : 1 
2026-07-13 09:56:08,833 - DATA QUALITY AUDITOR -INFO - Checking missing values in column: email
2026-07-13 09:56:08,833 - DATA QUALITY AUDITOR -WARNING - Missing values in email : 4 
2026-07-13 09:56:08,833 - DATA QUALITY AUDITOR -INFO - Checking missing values in column: gender
2026-07-13 09:56:08,833 - DATA QUALITY AUDITOR -WARNING - Missing values in gender : 4 
2026-07-13 09:56:08,833 - DATA QUALITY AUDITOR -INFO - Checking missing values in column: joining_date
2026-07-13 09:56:08,833 - DATA QUALITY AUDITOR -WARNING - Missing values in joining_date : 2 
2026-07-13 09:56:08,833 - DATA QUALITY AUDITOR -INFO - Checking missing values in column: department
2026-07-13 09:56:08,833 - DATA QUALITY AUDITOR -WARNING - Missing values in department : 8 
2026-07-13 09:56:08,833 - DATA QUALITY AUDITOR -INFO - Checking Duplicate values in column: first_name
2026-07-13 09:56:08,833 - DATA QUALITY AUDITOR -WARNING - Found 4   duplicate value(s) in column  first_name 
2026-07-13 09:56:08,833 - DATA QUALITY AUDITOR -INFO - Checking Duplicate values in column: last_name
2026-07-13 09:56:08,833 - DATA QUALITY AUDITOR -WARNING - Found 5   duplicate value(s) in column  last_name 
2026-07-13 09:56:08,833 - DATA QUALITY AUDITOR -INFO - Checking Duplicate values in column: email
2026-07-13 09:56:08,838 - DATA QUALITY AUDITOR -WARNING - Found 4   duplicate value(s) in column  email 
2026-07-13 09:56:08,838 - DATA QUALITY AUDITOR -INFO - Checking Duplicate values in column: joining_date
2026-07-13 09:56:08,840 - DATA QUALITY AUDITOR -WARNING - Found 5   duplicate value(s) in column  joining_date 
2026-07-13 09:56:08,840 - DATA QUALITY AUDITOR -INFO - Checking Duplicate values in column: department
2026-07-13 09:56:08,841 - DATA QUALITY AUDITOR -WARNING - Found 13   duplicate value(s) in column  department 
2026-07-13 09:56:08,843 - DATA QUALITY AUDITOR -INFO - Data Quality Auditor completed successfully.
2026-07-13 10:18:49,850 - DATA QUALITY AUDITOR -INFO - Data Quality Auditor started.
2026-07-13 10:18:49,850 - DATA QUALITY AUDITOR -INFO - Starting to load employee_data.csv
2026-07-13 10:18:49,851 - DATA QUALITY AUDITOR -INFO - CSV loaded successfully | total records: 50
2026-07-13 10:18:49,851 - DATA QUALITY AUDITOR -INFO - Checking Email Validation
2026-07-13 10:18:49,851 - DATA QUALITY AUDITOR -WARNING - Found 3 Invalid EMAIL(S)
2026-07-13 10:18:49,851 - DATA QUALITY AUDITOR -INFO - Checking AGE Validation
2026-07-13 10:18:49,851 - DATA QUALITY AUDITOR -WARNING - Found 1 Invalid AGE(S)
2026-07-13 10:18:49,851 - DATA QUALITY AUDITOR -INFO - Checking SALARY Validation
2026-07-13 10:18:49,852 - DATA QUALITY AUDITOR -WARNING - Found 1 Invalid SALARY(S)
2026-07-13 10:18:49,852 - DATA QUALITY AUDITOR -INFO - Checking Joining Date Validation
2026-07-13 10:18:49,853 - DATA QUALITY AUDITOR -WARNING - Found 2 Invalid DATE(S)
2026-07-13 10:18:49,853 - DATA QUALITY AUDITOR -INFO - Checking missing values in column: first_name
2026-07-13 10:18:49,853 - DATA QUALITY AUDITOR -WARNING - Missing values in first_name : 7 
2026-07-13 10:18:49,853 - DATA QUALITY AUDITOR -INFO - Checking missing values in column: last_name
2026-07-13 10:18:49,853 - DATA QUALITY AUDITOR -WARNING - Missing values in last_name : 1 
2026-07-13 10:18:49,853 - DATA QUALITY AUDITOR -INFO - Checking missing values in column: email
2026-07-13 10:18:49,853 - DATA QUALITY AUDITOR -WARNING - Missing values in email : 4 
2026-07-13 10:18:49,853 - DATA QUALITY AUDITOR -INFO - Checking missing values in column: gender
2026-07-13 10:18:49,853 - DATA QUALITY AUDITOR -WARNING - Missing values in gender : 4 
2026-07-13 10:18:49,853 - DATA QUALITY AUDITOR -INFO - Checking missing values in column: joining_date
2026-07-13 10:18:49,853 - DATA QUALITY AUDITOR -WARNING - Missing values in joining_date : 2 
2026-07-13 10:18:49,853 - DATA QUALITY AUDITOR -INFO - Checking missing values in column: department
2026-07-13 10:18:49,853 - DATA QUALITY AUDITOR -WARNING - Missing values in department : 8 
2026-07-13 10:18:49,853 - DATA QUALITY AUDITOR -INFO - Checking Duplicate values in column: first_name
2026-07-13 10:18:49,853 - DATA QUALITY AUDITOR -WARNING - Found 4   duplicate value(s) in column  first_name 
2026-07-13 10:18:49,853 - DATA QUALITY AUDITOR -INFO - Checking Duplicate values in column: last_name
2026-07-13 10:18:49,853 - DATA QUALITY AUDITOR -WARNING - Found 5   duplicate value(s) in column  last_name 
2026-07-13 10:18:49,853 - DATA QUALITY AUDITOR -INFO - Checking Duplicate values in column: email
2026-07-13 10:18:49,853 - DATA QUALITY AUDITOR -WARNING - Found 4   duplicate value(s) in column  email 
2026-07-13 10:18:49,853 - DATA QUALITY AUDITOR -INFO - Checking Duplicate values in column: joining_date
2026-07-13 10:18:49,865 - DATA QUALITY AUDITOR -WARNING - Found 5   duplicate value(s) in column  joining_date 
2026-07-13 10:18:49,866 - DATA QUALITY AUDITOR -INFO - Checking Duplicate values in column: department
2026-07-13 10:18:49,868 - DATA QUALITY AUDITOR -WARNING - Found 13   duplicate value(s) in column  department 
2026-07-13 10:18:49,870 - DATA QUALITY AUDITOR -INFO - Data Quality Auditor completed successfully.
2026-07-13 16:25:07,196 - DATA QUALITY AUDITOR -INFO - Data Quality Auditor started.
2026-07-13 16:25:07,197 - DATA QUALITY AUDITOR -INFO - Starting to load employee_data.csv
2026-07-13 16:25:07,204 - DATA QUALITY AUDITOR -INFO - CSV loaded successfully | total records: 50
2026-07-13 16:25:07,204 - DATA QUALITY AUDITOR -INFO - Checking Email Validation
2026-07-13 16:25:07,204 - DATA QUALITY AUDITOR -WARNING - Found 3 Invalid EMAIL(S)
2026-07-13 16:25:07,204 - DATA QUALITY AUDITOR -INFO - Checking AGE Validation
2026-07-13 16:25:07,204 - DATA QUALITY AUDITOR -WARNING - Found 1 Invalid AGE(S)
2026-07-13 16:25:07,204 - DATA QUALITY AUDITOR -INFO - Checking SALARY Validation
2026-07-13 16:25:07,204 - DATA QUALITY AUDITOR -WARNING - Found 1 Invalid SALARY(S)
2026-07-13 16:25:07,204 - DATA QUALITY AUDITOR -INFO - Checking Joining Date Validation
2026-07-13 16:25:07,204 - DATA QUALITY AUDITOR -WARNING - Found 14 Invalid DATE(S)
2026-07-13 16:25:07,210 - DATA QUALITY AUDITOR -INFO - Checking missing values in column: first_name
2026-07-13 16:25:07,213 - DATA QUALITY AUDITOR -WARNING - Missing values in first_name : 7 
2026-07-13 16:25:07,213 - DATA QUALITY AUDITOR -INFO - Checking missing values in column: last_name
2026-07-13 16:25:07,215 - DATA QUALITY AUDITOR -WARNING - Missing values in last_name : 1 
2026-07-13 16:25:07,215 - DATA QUALITY AUDITOR -INFO - Checking missing values in column: email
2026-07-13 16:25:07,216 - DATA QUALITY AUDITOR -WARNING - Missing values in email : 4 
2026-07-13 16:25:07,216 - DATA QUALITY AUDITOR -INFO - Checking missing values in column: gender
2026-07-13 16:25:07,217 - DATA QUALITY AUDITOR -WARNING - Missing values in gender : 4 
2026-07-13 16:25:07,217 - DATA QUALITY AUDITOR -INFO - Checking missing values in column: joining_date
2026-07-13 16:25:07,219 - DATA QUALITY AUDITOR -WARNING - Missing values in joining_date : 2 
2026-07-13 16:25:07,219 - DATA QUALITY AUDITOR -INFO - Checking missing values in column: department
2026-07-13 16:25:07,220 - DATA QUALITY AUDITOR -WARNING - Missing values in department : 8 
2026-07-13 16:25:07,222 - DATA QUALITY AUDITOR -INFO - Checking Duplicate values in column: first_name
2026-07-13 16:25:07,225 - DATA QUALITY AUDITOR -WARNING - Found 4   duplicate value(s) in column  first_name 
2026-07-13 16:25:07,225 - DATA QUALITY AUDITOR -INFO - Checking Duplicate values in column: last_name
2026-07-13 16:25:07,228 - DATA QUALITY AUDITOR -WARNING - Found 5   duplicate value(s) in column  last_name 
2026-07-13 16:25:07,228 - DATA QUALITY AUDITOR -INFO - Checking Duplicate values in column: email
2026-07-13 16:25:07,232 - DATA QUALITY AUDITOR -WARNING - Found 4   duplicate value(s) in column  email 
2026-07-13 16:25:07,233 - DATA QUALITY AUDITOR -INFO - Checking Duplicate values in column: joining_date
2026-07-13 16:25:07,235 - DATA QUALITY AUDITOR -WARNING - Found 5   duplicate value(s) in column  joining_date 
2026-07-13 16:25:07,235 - DATA QUALITY AUDITOR -INFO - Checking Duplicate values in column: department
2026-07-13 16:25:07,241 - DATA QUALITY AUDITOR -WARNING - Found 13   duplicate value(s) in column  department 
2026-07-13 16:25:07,247 - DATA QUALITY AUDITOR -INFO - Data Quality Auditor completed successfully.
2026-07-13 16:26:35,149 - DATA QUALITY AUDITOR -INFO - Data Quality Auditor started.
2026-07-13 16:26:35,149 - DATA QUALITY AUDITOR -INFO - Starting to load employee_data.csv
2026-07-13 16:26:35,150 - DATA QUALITY AUDITOR -INFO - CSV loaded successfully | total records: 50
2026-07-13 16:26:35,150 - DATA QUALITY AUDITOR -INFO - Checking Email Validation
2026-07-13 16:26:35,150 - DATA QUALITY AUDITOR -WARNING - Found 3 Invalid EMAIL(S)
2026-07-13 16:26:35,150 - DATA QUALITY AUDITOR -INFO - Checking AGE Validation
2026-07-13 16:26:35,150 - DATA QUALITY AUDITOR -WARNING - Found 1 Invalid AGE(S)
2026-07-13 16:26:35,151 - DATA QUALITY AUDITOR -INFO - Checking SALARY Validation
2026-07-13 16:26:35,151 - DATA QUALITY AUDITOR -WARNING - Found 1 Invalid SALARY(S)
2026-07-13 16:26:35,151 - DATA QUALITY AUDITOR -INFO - Checking Joining Date Validation
2026-07-13 16:26:35,151 - DATA QUALITY AUDITOR -WARNING - Found 30 Invalid DATE(S)
2026-07-13 16:26:35,152 - DATA QUALITY AUDITOR -INFO - Checking missing values in column: first_name
2026-07-13 16:26:35,152 - DATA QUALITY AUDITOR -WARNING - Missing values in first_name : 7 
2026-07-13 16:26:35,153 - DATA QUALITY AUDITOR -INFO - Checking missing values in column: last_name
2026-07-13 16:26:35,153 - DATA QUALITY AUDITOR -WARNING - Missing values in last_name : 1 
2026-07-13 16:26:35,153 - DATA QUALITY AUDITOR -INFO - Checking missing values in column: email
2026-07-13 16:26:35,153 - DATA QUALITY AUDITOR -WARNING - Missing values in email : 4 
2026-07-13 16:26:35,154 - DATA QUALITY AUDITOR -INFO - Checking missing values in column: gender
2026-07-13 16:26:35,165 - DATA QUALITY AUDITOR -WARNING - Missing values in gender : 4 
2026-07-13 16:26:35,165 - DATA QUALITY AUDITOR -INFO - Checking missing values in column: joining_date
2026-07-13 16:26:35,176 - DATA QUALITY AUDITOR -WARNING - Missing values in joining_date : 2 
2026-07-13 16:26:35,176 - DATA QUALITY AUDITOR -INFO - Checking missing values in column: department
2026-07-13 16:26:35,178 - DATA QUALITY AUDITOR -WARNING - Missing values in department : 8 
2026-07-13 16:26:35,183 - DATA QUALITY AUDITOR -INFO - Checking Duplicate values in column: first_name
2026-07-13 16:26:35,190 - DATA QUALITY AUDITOR -WARNING - Found 4   duplicate value(s) in column  first_name 
2026-07-13 16:26:35,191 - DATA QUALITY AUDITOR -INFO - Checking Duplicate values in column: last_name
2026-07-13 16:26:35,192 - DATA QUALITY AUDITOR -WARNING - Found 5   duplicate value(s) in column  last_name 
2026-07-13 16:26:35,192 - DATA QUALITY AUDITOR -INFO - Checking Duplicate values in column: email
2026-07-13 16:26:35,193 - DATA QUALITY AUDITOR -WARNING - Found 4   duplicate value(s) in column  email 
2026-07-13 16:26:35,193 - DATA QUALITY AUDITOR -INFO - Checking Duplicate values in column: joining_date
2026-07-13 16:26:35,196 - DATA QUALITY AUDITOR -WARNING - Found 5   duplicate value(s) in column  joining_date 
2026-07-13 16:26:35,196 - DATA QUALITY AUDITOR -INFO - Checking Duplicate values in column: department
2026-07-13 16:26:35,199 - DATA QUALITY AUDITOR -WARNING - Found 13   duplicate value(s) in column  department 
2026-07-13 16:26:35,202 - DATA QUALITY AUDITOR -INFO - Data Quality Auditor completed successfully.
2026-07-13 16:30:01,968 - DATA QUALITY AUDITOR -INFO - Data Quality Auditor started.
2026-07-13 16:30:01,968 - DATA QUALITY AUDITOR -INFO - Starting to load employee_data.csv
2026-07-13 16:30:01,975 - DATA QUALITY AUDITOR -INFO - CSV loaded successfully | total records: 50
2026-07-13 16:30:01,975 - DATA QUALITY AUDITOR -INFO - Checking Email Validation
2026-07-13 16:30:01,975 - DATA QUALITY AUDITOR -WARNING - Found 3 Invalid EMAIL(S)
2026-07-13 16:30:01,980 - DATA QUALITY AUDITOR -INFO - Checking AGE Validation
2026-07-13 16:30:01,980 - DATA QUALITY AUDITOR -WARNING - Found 1 Invalid AGE(S)
2026-07-13 16:30:01,980 - DATA QUALITY AUDITOR -INFO - Checking SALARY Validation
2026-07-13 16:30:01,980 - DATA QUALITY AUDITOR -WARNING - Found 1 Invalid SALARY(S)
2026-07-13 16:30:01,980 - DATA QUALITY AUDITOR -INFO - Checking Joining Date Validation
2026-07-13 16:30:01,980 - DATA QUALITY AUDITOR -WARNING - Found 30 Invalid DATE(S)
2026-07-13 16:30:01,989 - DATA QUALITY AUDITOR -INFO - Checking missing values in column: first_name
2026-07-13 16:30:01,989 - DATA QUALITY AUDITOR -WARNING - Missing values in first_name : 7 
2026-07-13 16:30:01,990 - DATA QUALITY AUDITOR -INFO - Checking missing values in column: last_name
2026-07-13 16:30:01,990 - DATA QUALITY AUDITOR -WARNING - Missing values in last_name : 1 
2026-07-13 16:30:01,990 - DATA QUALITY AUDITOR -INFO - Checking missing values in column: email
2026-07-13 16:30:01,990 - DATA QUALITY AUDITOR -WARNING - Missing values in email : 4 
2026-07-13 16:30:01,990 - DATA QUALITY AUDITOR -INFO - Checking missing values in column: gender
2026-07-13 16:30:01,991 - DATA QUALITY AUDITOR -WARNING - Missing values in gender : 4 
2026-07-13 16:30:01,994 - DATA QUALITY AUDITOR -INFO - Checking missing values in column: joining_date
2026-07-13 16:30:01,994 - DATA QUALITY AUDITOR -WARNING - Missing values in joining_date : 2 
2026-07-13 16:30:01,994 - DATA QUALITY AUDITOR -INFO - Checking missing values in column: department
2026-07-13 16:30:01,996 - DATA QUALITY AUDITOR -WARNING - Missing values in department : 8 
2026-07-13 16:30:01,997 - DATA QUALITY AUDITOR -INFO - Checking Duplicate values in column: first_name
2026-07-13 16:30:01,998 - DATA QUALITY AUDITOR -WARNING - Found 4   duplicate value(s) in column  first_name 
2026-07-13 16:30:01,999 - DATA QUALITY AUDITOR -INFO - Checking Duplicate values in column: last_name
2026-07-13 16:30:02,002 - DATA QUALITY AUDITOR -WARNING - Found 5   duplicate value(s) in column  last_name 
2026-07-13 16:30:02,002 - DATA QUALITY AUDITOR -INFO - Checking Duplicate values in column: email
2026-07-13 16:30:02,006 - DATA QUALITY AUDITOR -WARNING - Found 4   duplicate value(s) in column  email 
2026-07-13 16:30:02,006 - DATA QUALITY AUDITOR -INFO - Checking Duplicate values in column: joining_date
2026-07-13 16:30:02,016 - DATA QUALITY AUDITOR -WARNING - Found 5   duplicate value(s) in column  joining_date 
2026-07-13 16:30:02,016 - DATA QUALITY AUDITOR -INFO - Checking Duplicate values in column: department
2026-07-13 16:30:02,020 - DATA QUALITY AUDITOR -WARNING - Found 13   duplicate value(s) in column  department 
2026-07-13 16:30:02,024 - DATA QUALITY AUDITOR -INFO - Data Quality Auditor completed successfully.
2026-07-13 16:30:50,554 - DATA QUALITY AUDITOR -INFO - Data Quality Auditor started.
2026-07-13 16:30:50,554 - DATA QUALITY AUDITOR -INFO - Starting to load employee_data.csv
2026-07-13 16:30:50,555 - DATA QUALITY AUDITOR -INFO - CSV loaded successfully | total records: 50
2026-07-13 16:30:50,555 - DATA QUALITY AUDITOR -INFO - Checking Email Validation
2026-07-13 16:30:50,556 - DATA QUALITY AUDITOR -WARNING - Found 3 Invalid EMAIL(S)
2026-07-13 16:30:50,556 - DATA QUALITY AUDITOR -INFO - Checking AGE Validation
2026-07-13 16:30:50,556 - DATA QUALITY AUDITOR -WARNING - Found 1 Invalid AGE(S)
2026-07-13 16:30:50,556 - DATA QUALITY AUDITOR -INFO - Checking SALARY Validation
2026-07-13 16:30:50,556 - DATA QUALITY AUDITOR -WARNING - Found 1 Invalid SALARY(S)
2026-07-13 16:30:50,556 - DATA QUALITY AUDITOR -INFO - Checking Joining Date Validation
2026-07-13 16:30:50,556 - DATA QUALITY AUDITOR -WARNING - Found 30 Invalid DATE(S)
2026-07-13 16:30:50,556 - DATA QUALITY AUDITOR -INFO - Checking missing values in column: first_name
2026-07-13 16:30:50,556 - DATA QUALITY AUDITOR -WARNING - Missing values in first_name : 7 
2026-07-13 16:30:50,560 - DATA QUALITY AUDITOR -INFO - Checking missing values in column: last_name
2026-07-13 16:30:50,560 - DATA QUALITY AUDITOR -WARNING - Missing values in last_name : 1 
2026-07-13 16:30:50,560 - DATA QUALITY AUDITOR -INFO - Checking missing values in column: email
2026-07-13 16:30:50,560 - DATA QUALITY AUDITOR -WARNING - Missing values in email : 4 
2026-07-13 16:30:50,560 - DATA QUALITY AUDITOR -INFO - Checking missing values in column: gender
2026-07-13 16:30:50,561 - DATA QUALITY AUDITOR -WARNING - Missing values in gender : 4 
2026-07-13 16:30:50,561 - DATA QUALITY AUDITOR -INFO - Checking missing values in column: joining_date
2026-07-13 16:30:50,561 - DATA QUALITY AUDITOR -WARNING - Missing values in joining_date : 2 
2026-07-13 16:30:50,561 - DATA QUALITY AUDITOR -INFO - Checking missing values in column: department
2026-07-13 16:30:50,562 - DATA QUALITY AUDITOR -WARNING - Missing values in department : 8 
2026-07-13 16:30:50,563 - DATA QUALITY AUDITOR -INFO - Checking Duplicate values in column: first_name
2026-07-13 16:30:50,565 - DATA QUALITY AUDITOR -WARNING - Found 4   duplicate value(s) in column  first_name 
2026-07-13 16:30:50,566 - DATA QUALITY AUDITOR -INFO - Checking Duplicate values in column: last_name
2026-07-13 16:30:50,566 - DATA QUALITY AUDITOR -WARNING - Found 5   duplicate value(s) in column  last_name 
2026-07-13 16:30:50,568 - DATA QUALITY AUDITOR -INFO - Checking Duplicate values in column: email
2026-07-13 16:30:50,573 - DATA QUALITY AUDITOR -WARNING - Found 4   duplicate value(s) in column  email 
2026-07-13 16:30:50,573 - DATA QUALITY AUDITOR -INFO - Checking Duplicate values in column: joining_date
2026-07-13 16:30:50,576 - DATA QUALITY AUDITOR -WARNING - Found 5   duplicate value(s) in column  joining_date 
2026-07-13 16:30:50,576 - DATA QUALITY AUDITOR -INFO - Checking Duplicate values in column: department
2026-07-13 16:30:50,580 - DATA QUALITY AUDITOR -WARNING - Found 13   duplicate value(s) in column  department 
2026-07-13 16:30:50,583 - DATA QUALITY AUDITOR -INFO - Data Quality Auditor completed successfully.
